[trios-train] startup args=["./target/release/trios-train", "--hidden=1408", "--ctx=12", "--steps=81000", "--seed=1597", "--lr=0.0001", "--train-data=/Users/playra/trios-railway/data/tiny_shakespeare.txt", "--val-data=/Users/playra/trios-railway/data/tiny_shakespeare_val.txt", "--eval-every=1000", "--optimizer=muon"] cwd=Some("/Users/playra/trios-railway/crates/trios-trainer-igla")
[trios-train] parsed seed=1597 steps=81000 hidden=1408 lr=0.0001 ctx=Some(12) optimizer=muon neon=None
=== P1 Muon seed=1597 steps=81000 hidden=1408 ===
params=524288 (524.3K) attn_d=64 attn_layers=2
Initial val_bpb=6.9995
Muon seed=1597 step=1000 val_bpb=6.9998 ema_bpb=6.9996 best=6.9995 nca_h=0.938 t=90.3s
Muon seed=1597 step=2000 val_bpb=6.9999 ema_bpb=6.9997 best=6.9995 nca_h=1.243 t=188.0s
Muon seed=1597 step=3000 val_bpb=6.9999 ema_bpb=6.9998 best=6.9995 nca_h=1.120 t=301.6s
Muon seed=1597 step=4000 val_bpb=7.0001 ema_bpb=6.9999 best=6.9995 nca_h=1.521 t=413.1s
Muon seed=1597 step=5000 val_bpb=7.0001 ema_bpb=7.0000 best=6.9995 nca_h=1.453 t=505.3s
Muon seed=1597 step=6000 val_bpb=7.0002 ema_bpb=7.0001 best=6.9995 nca_h=1.637 t=600.3s
Muon seed=1597 step=7000 val_bpb=7.0001 ema_bpb=7.0001 best=6.9995 nca_h=1.653 t=691.8s
Muon seed=1597 step=8000 val_bpb=7.0007 ema_bpb=7.0003 best=6.9995 nca_h=1.704 t=783.0s
Muon seed=1597 step=9000 val_bpb=7.0016 ema_bpb=7.0008 best=6.9995 nca_h=1.527 t=883.8s
Muon seed=1597 step=10000 val_bpb=7.0030 ema_bpb=7.0016 best=6.9995 nca_h=1.704 t=975.8s
Muon seed=1597 step=11000 val_bpb=7.0033 ema_bpb=7.0023 best=6.9995 nca_h=1.735 t=1075.1s
Muon seed=1597 step=12000 val_bpb=7.0056 ema_bpb=7.0036 best=6.9995 nca_h=1.697 t=1170.8s
Muon seed=1597 step=13000 val_bpb=7.0075 ema_bpb=7.0051 best=6.9995 nca_h=1.620 t=1264.8s
Muon seed=1597 step=14000 val_bpb=7.0087 ema_bpb=7.0065 best=6.9995 nca_h=1.725 t=1369.9s
Muon seed=1597 step=15000 val_bpb=7.0102 ema_bpb=7.0079 best=6.9995 nca_h=1.735 t=1466.2s
Muon seed=1597 step=16000 val_bpb=7.0140 ema_bpb=7.0102 best=6.9995 nca_h=1.673 t=1558.6s
Muon seed=1597 step=17000 val_bpb=7.0162 ema_bpb=7.0125 best=6.9995 nca_h=1.624 t=1651.7s
Muon seed=1597 step=18000 val_bpb=7.0179 ema_bpb=7.0146 best=6.9995 nca_h=1.551 t=1750.8s
Muon seed=1597 step=19000 val_bpb=7.0201 ema_bpb=7.0167 best=6.9995 nca_h=1.696 t=1840.8s
Muon seed=1597 step=20000 val_bpb=7.0229 ema_bpb=7.0190 best=6.9995 nca_h=1.687 t=1965.9s
Muon seed=1597 step=21000 val_bpb=7.0269 ema_bpb=7.0221 best=6.9995 nca_h=1.750 t=2083.2s
Muon seed=1597 step=22000 val_bpb=7.0292 ema_bpb=7.0248 best=6.9995 nca_h=1.706 t=2189.7s
Muon seed=1597 step=23000 val_bpb=7.0301 ema_bpb=7.0268 best=6.9995 nca_h=1.706 t=2334.2s
Muon seed=1597 step=24000 val_bpb=7.0327 ema_bpb=7.0291 best=6.9995 nca_h=1.678 t=2498.4s
Muon seed=1597 step=25000 val_bpb=7.0361 ema_bpb=7.0318 best=6.9995 nca_h=1.678 t=2604.7s
Muon seed=1597 step=26000 val_bpb=7.0375 ema_bpb=7.0339 best=6.9995 nca_h=1.655 t=2698.8s
Muon seed=1597 step=27000 val_bpb=7.0385 ema_bpb=7.0357 best=6.9995 nca_h=1.653 t=2787.4s
Muon seed=1597 step=28000 val_bpb=7.0406 ema_bpb=7.0375 best=6.9995 nca_h=1.697 t=2889.8s
Muon seed=1597 step=29000 val_bpb=7.0424 ema_bpb=7.0394 best=6.9995 nca_h=1.628 t=2998.7s
Muon seed=1597 step=30000 val_bpb=7.0461 ema_bpb=7.0420 best=6.9995 nca_h=1.672 t=3100.2s
Muon seed=1597 step=31000 val_bpb=7.0490 ema_bpb=7.0446 best=6.9995 nca_h=1.637 t=3210.3s
Muon seed=1597 step=32000 val_bpb=7.0524 ema_bpb=7.0476 best=6.9995 nca_h=1.634 t=3307.2s
Muon seed=1597 step=33000 val_bpb=7.0535 ema_bpb=7.0499 best=6.9995 nca_h=1.665 t=3401.3s
Muon seed=1597 step=34000 val_bpb=7.0547 ema_bpb=7.0517 best=6.9995 nca_h=1.711 t=3490.1s
Muon seed=1597 step=35000 val_bpb=7.0565 ema_bpb=7.0535 best=6.9995 nca_h=1.652 t=3579.6s
Muon seed=1597 step=36000 val_bpb=7.0588 ema_bpb=7.0556 best=6.9995 nca_h=1.645 t=3666.5s
Muon seed=1597 step=37000 val_bpb=7.0600 ema_bpb=7.0572 best=6.9995 nca_h=1.536 t=3755.6s
Muon seed=1597 step=38000 val_bpb=7.0622 ema_bpb=7.0591 best=6.9995 nca_h=1.672 t=3847.9s
Muon seed=1597 step=39000 val_bpb=7.0643 ema_bpb=7.0611 best=6.9995 nca_h=1.733 t=3938.5s
Muon seed=1597 step=40000 val_bpb=7.0650 ema_bpb=7.0626 best=6.9995 nca_h=1.618 t=4027.7s
Muon seed=1597 step=41000 val_bpb=7.0672 ema_bpb=7.0643 best=6.9995 nca_h=1.602 t=4118.0s
Muon seed=1597 step=42000 val_bpb=7.0694 ema_bpb=7.0663 best=6.9995 nca_h=1.755 t=4220.9s
Muon seed=1597 step=43000 val_bpb=7.0697 ema_bpb=7.0676 best=6.9995 nca_h=1.609 t=4313.4s
Muon seed=1597 step=44000 val_bpb=7.0716 ema_bpb=7.0691 best=6.9995 nca_h=1.697 t=4405.2s
Muon seed=1597 step=45000 val_bpb=7.0729 ema_bpb=7.0706 best=6.9995 nca_h=1.747 t=4501.4s
Muon seed=1597 step=46000 val_bpb=7.0744 ema_bpb=7.0720 best=6.9995 nca_h=1.694 t=4645.4s
Muon seed=1597 step=47000 val_bpb=7.0771 ema_bpb=7.0739 best=6.9995 nca_h=1.645 t=4829.9s
Muon seed=1597 step=48000 val_bpb=7.0780 ema_bpb=7.0755 best=6.9995 nca_h=1.771 t=4971.4s
Muon seed=1597 step=49000 val_bpb=7.0795 ema_bpb=7.0770 best=6.9995 nca_h=1.601 t=5112.1s
Muon seed=1597 step=50000 val_bpb=7.0812 ema_bpb=7.0786 best=6.9995 nca_h=1.735 t=5265.9s
Muon seed=1597 step=51000 val_bpb=7.0824 ema_bpb=7.0801 best=6.9995 nca_h=1.692 t=5397.3s
Muon seed=1597 step=52000 val_bpb=7.0834 ema_bpb=7.0814 best=6.9995 nca_h=1.654 t=5531.5s
Muon seed=1597 step=53000 val_bpb=7.0847 ema_bpb=7.0826 best=6.9995 nca_h=1.734 t=5642.2s
Muon seed=1597 step=54000 val_bpb=7.0854 ema_bpb=7.0837 best=6.9995 nca_h=1.674 t=5749.5s
Muon seed=1597 step=55000 val_bpb=7.0867 ema_bpb=7.0848 best=6.9995 nca_h=1.791 t=5845.3s
Muon seed=1597 step=56000 val_bpb=7.0871 ema_bpb=7.0857 best=6.9995 nca_h=1.675 t=5941.9s
