FineWeb bin: path=data/datasets/fineweb10B_sp1024/fineweb_train_000000.bin magic=20240520 version=1 num_tokens=100000000
FineWeb bin: path=data/datasets/fineweb10B_sp1024/fineweb_val_000000.bin magic=20240520 version=1 num_tokens=62021846
=== trios CPU Training (Analytical Backprop) ===
vocab=1024 dim=128 seq=64 steps=10000 seed=43 lr=0.003
Dataset: 100000000 train / 62021846 val tokens
Initial val BPB: 10.0039

  step | train_loss |    val_bpb |   best_bpb |       ms
------------------------------------------------------------
   500 |     5.2623 |     7.3350 |     7.3350 |  40743ms
  1000 |     4.5407 |     6.9117 |     6.9117 |  80157ms
  1500 |     4.5486 |     6.7781 |     6.7781 | 118044ms
  2000 |     4.7640 |     6.7349 |     6.7349 | 160455ms
  2500 |     5.1150 |     6.6576 |     6.6576 | 202555ms
  3000 |     4.1843 |     6.5682 |     6.5682 | 245908ms
  3500 |     4.8505 |     6.5862 |     6.5682 | 288064ms
  4000 |     4.7022 |     6.5360 |     6.5360 | 329394ms
  4500 |     5.8378 |     6.5285 |     6.5285 | 372327ms
  5000 |     4.7148 |     6.5429 |     6.5285 | 415172ms
  5500 |     4.3928 |     6.4920 |     6.4920 | 459550ms
  6000 |     4.0956 |     6.4918 |     6.4918 | 504545ms
  6500 |     4.0822 |     6.5194 |     6.4918 | 550480ms
  7000 |     4.5854 |     6.5054 |     6.4918 | 592894ms
  7500 |     4.2151 |     6.4554 |     6.4554 | 631788ms
  8000 |     4.8760 |     6.4676 |     6.4554 | 670896ms
  8500 |     4.7223 |     6.4478 |     6.4478 | 710329ms
  9000 |     4.6350 |     6.4260 |     6.4260 | 749120ms
  9500 |     4.4527 |     6.4433 |     6.4260 | 788107ms
 10000 |     4.4941 |     6.4376 |     6.4260 | 828780ms

=== Training Complete ===
Time: 832.4s | Init BPB: 10.0039 | Best BPB: 6.4260 | Delta: 3.5779
Results: .trinity/results/cpu_train_f32_seed43.json
