FineWeb bin: path=data/datasets/fineweb10B_sp1024/fineweb_train_000000.bin magic=20240520 version=1 num_tokens=100000000
FineWeb bin: path=data/datasets/fineweb10B_sp1024/fineweb_val_000000.bin magic=20240520 version=1 num_tokens=62021846
=== trios CPU Training (Analytical Backprop) ===
vocab=1024 dim=128 seq=64 steps=10000 seed=44 lr=0.003
Dataset: 100000000 train / 62021846 val tokens
Initial val BPB: 9.9930

  step | train_loss |    val_bpb |   best_bpb |       ms
------------------------------------------------------------
   500 |     5.0344 |     7.4065 |     7.4065 |  99321ms
  1000 |     4.6630 |     7.0047 |     7.0047 | 179792ms
  1500 |     4.6368 |     6.7679 |     6.7679 | 269802ms
  2000 |     4.5063 |     6.6750 |     6.6750 | 352014ms
  2500 |     4.7625 |     6.5481 |     6.5481 | 500484ms
  3000 |     4.8590 |     6.5171 |     6.5171 | 634877ms
  3500 |     4.4198 |     6.4488 |     6.4488 | 743447ms
  4000 |     4.1040 |     6.4049 |     6.4049 | 800888ms
  4500 |     4.3479 |     6.3628 |     6.3628 | 869791ms
  5000 |     4.3436 |     6.3055 |     6.3055 | 926525ms
  5500 |     5.1396 |     6.3399 |     6.3055 | 988032ms
  6000 |     4.5829 |     6.3035 |     6.3035 | 1044096ms
  6500 |     4.4899 |     6.2593 |     6.2593 | 1102492ms
  7000 |     3.6881 |     6.2350 |     6.2350 | 1161078ms
  7500 |     3.9457 |     6.2262 |     6.2262 | 1217078ms
  8000 |     4.8858 |     6.2041 |     6.2041 | 1273388ms
  8500 |     4.5823 |     6.2065 |     6.2041 | 1329387ms
  9000 |     3.9833 |     6.1542 |     6.1542 | 1385513ms
  9500 |     4.2636 |     6.1595 |     6.1542 | 1441692ms
 10000 |     3.8136 |     6.1858 |     6.1542 | 1497622ms

=== Training Complete ===
Time: 1501.4s | Init BPB: 9.9930 | Best BPB: 6.1542 | Delta: 3.8388
Results: .trinity/results/cpu_train_f32_seed44.json
